-
.
0
0.29
0.63
01
02
05
1
1.02
1.1
1.15
1.16
1.56
10
110
12
12.8
131
131.6
15
1500
16
175
177
177.2
18
1998
2
2200
242
242.3
2700
2800
29
294
294.4
3
3000
3300
3900
4
5
5.2
520
56
58
6
6000
63
7
7100
7200
7800
8
8000
8100
842
8800
9000
、
。
「
」
【
】
一
一個
一倍
一大
一大堆
一大群
一家
一樣
一波
一種
一致
一週
三倍
三成
上
上下
上周
上百
下
下去
下跌
不
不乏
不乏其人
不休
不佳
不僅
不到
不多
不定
不應
不會
不要
不過
不願
不願意
中
中期
中環
中線
中鋼
中長
串
串連
之外
乎
乙
九成
也
了
云
云辰
五倍
五家
五月
五虎
亞
亞東
交
交給
人
人之常情
人人
人千萬
人員
什
什麼
今日
仍
仍然
他
代
代客
以
以上
以云辰
以來
但是
佈
位
低
低檔
低迷
住
住進
佔
何必
作
你
佣
佳
佳鼎
來
便宜
信
修
修養
倉
個
個個
偉
偉詮
做
做出
做股票
備
傻眼
僅
像
價
價位
億
億元
億餘元
優
優電子
元
元大
先行
光
光聯
內
全身
全身而退
全面
兩
八
八兩
八千
八成
公司
六
其中
其人
冒
凌
凌陽
凌陽及
凶
出
出現
出色
分
分別
分析
判成
別
利
券商
則
前
劉
劉家熙
力
力晶
勁
動
動作
募集
勢
勢股
包括
千
半斤
卡
印尼
去
去年
去年同期
又
及
友
反
反彈
取
取消
取退
口吻
句
另
另外
只能
可
可憐
可能
可能性
可言
台
台北
台育
吉
同期
君
否
否則
周正
和
員
商
商法
問
問題
四月
四月份
回
回補
因
因為
固定
國
國內
國巨
國民
國際
團
在
在績
均
基金
報
報導
場
境
外
外環
外資
多
多家
多頭
大
大信
大堆
大好
大慶
大盤
大眾
大群
大華
大跌
大部
太
太少
太平
太平洋
太電
套房
好
如
如太電
如果
如此
子
存在
季
季景氣
定
客
客戶
家
富
富邦
富隆
察
實
寧
寧可招
寧願
寶
寶來
寶祥
將
將是
專
專業
對
導
少
尤其
就
就是
局
屬
巨
差
差不多
己
已
已經
已近
市
市場
希望
師
師皆是
帳
常情
幫
幫人
年初
幾
幾乎
底部
店
店頭
建
建弘
建立
弘
弱
張
張毅君
強
強勁
彈
形容
往
往下
很
很實
後
得
從
復
徵
心
心裡
怎
怎麼
急
急跌
悠
情
情勢
情境
情況
意
意識
慶
憐
懂得
應
應有
應為
成
成立
成竹
成竹在胸
成長
我
我能
戶
所以
手
手法
手續費
才
承接
把
把握
投
投信
投資
投資人
投顧
投顧業者
抗
抗爭
抱
抱著
拋
拋出
拍
拗
招
招收
持股
指
指數
掌握
接法
換
換弱
換股
損
損為
擇
擇機
操作
操作手
擴
擴大
收
收取
收會員
放
散
散戶
整
數
新
方向
於
日出
日盛
明
明顯
春雨
是
是否
時
時代來
景
景氣
晶
更
更動盪
更糟
曾
曾經
曾萃
最
最大
最為
最瘋狂
最近
會
會員
會員費
月份
有
有趣
期
期間
未
未來
未如
本
本週將
東
根本
梓
梓電
楠
業
構
樓
樣
機
機構
檔
檔屬
權
權證
正
正式
正確
步入
殺
殺低
毅
母
母股
每股
比
比例
比比
比比皆是
毫
毫無
民
氣
水位
汰
決
決策
沒
沒有
況
法
法人
波
波多
波段
活
活動
深陷
清
清倉
清楚
源
準
準備
滿
滿手
演
演變
漲
漲時
為
無
無法
熙
營
爭
特定
狂
獲
獲利
獲利佳
獲利為
率
現
現數
現象
環
甚至
生
產
產生
甦
用
由
當
當神
瘋
瘋狂
發
發現
百
百億等
的
皆
盈
盈餘
盈餘為
盛
盤
盤整
盪
目前
相
相當
看
看不懂
看不清
看不清楚
真
眾
瞎子
瞎子摸象
矽
矽豐
研判
研究
破
硬
硬拗
碧
碧悠
確
確立
示
神
祥
科技
稅
稅前
種
突破
立
章法
第二
筆
等
等待
策
策略
算
算不清
算起
管理
籌
籌一筆
粹
系
系統
約
紅
純
純粹
累
累計
累計前
結
結算
給
統
經
線
編
編輯
績
績優
繁
繼
繼投信
續
群
者
而
而寶祥
而累
聯
聯電
股
股價
股市
股東
股為
股票
育
能
能用
臨
自
自低
自己
自營
自營商
至
至於
至此
芝
英
英群
菁英
華
萃
萬
萬元
萬盛
著
虧
虧損
行情
裕民
裕隆
補
裡
要
要將
規
規定
觀
觀察
計
計前
計算
証
詮
話
該
該屬
認
認為
認真
認購
說
調
調降
談
談什麼
講
講出
證
識
護
護盤
變
讓
豐
象
象徵
買
買進
買點
費
資
資源
資金
資金為
賠
賠得
賠錢
賣
賭
賭紅
賺
購
走
走勢
起
起來
超
超個
超較
超過
越
越盤
趨
趨勢
趨吉
跌
跌幅
跌時
跌破
跌跌
跳
跳樓
身上
較
輯
輸
輸家
轉
轉率
辰
迎接
近
追
追價
追漲
追高
退
這
這一波
這句
這才
這是
這期間
這種
這筆帳
這裡
逢
連
連六黑
連散戶
連續
週
週線
週起
進
進場
進強
進跌
過
違
違反
遠
遠倉
遲
遲遲
避
避凶
還
還多
還是
邦
部份
部位
都
重
重挫
重點
金
金寶
金寶為
金鼎約
鋼
錢
鍵
長
開
開放
開放代客
開發
間
關
關鍵
降至
除
除了
除權
陷入
陽
隆
隊
隊資金
際
隨
隨時
險
集
集中
集團
難
難以
電
電子
電子業
預
預期
頭
頻
頻繁
題
願
顧
顯
顯示
風
風險
養
餘
餘為
餘萬元
高
高個
鴻
鴻友
麼
黑
點
點以
點關
鼎
！
％
，
／
；
＜
＞
？
